[2026-09-25 02:43:59] === YEAR 2025: fetching makes ===
[2026-09-25 02:44:01] year 2025: 22 makes total, 1 passenger-auto
[2026-09-25 02:48:42] smoke limit reached (3 cars)
[2026-09-25 02:48:57] === YEAR 2025: fetching makes ===
[2026-09-25 02:48:57] === YEAR 2025: fetching makes ===
[2026-09-25 02:48:58] year 2025: 22 makes total, 22 passenger-auto
[2026-09-25 02:48:58] year 2025: 22 makes total, 22 passenger-auto
[2026-09-25 03:01:18] TimeoutError on lookupType=notes&carId=29559&useId=395285 — backoff 2s (attempt 1)
[2026-09-25 03:01:18] TimeoutError on lookupType=notes&carId=29559&useId=395285 — backoff 2s (attempt 1)
[2026-09-25 03:06:19] === YEAR 2025: fetching makes ===
[2026-09-25 03:06:19] year 2025: 22 makes total, 14 passenger-auto
[2026-09-25 03:36:50] URLError on lookupType=notes&carId=32279&useId=482179 — backoff 2s (attempt 1)
[2026-09-25 03:37:22] URLError on lookupType=notes&carId=32279&useId=482179 — backoff 8s (attempt 2)
[2026-09-25 03:37:36] URLError on lookupType=notes&carId=32279&useId=482179 — backoff 32s (attempt 3)
[2026-09-25 03:38:39] FAILED car 2025|55|2522 (2025 Hyundai Elantra): <urlopen error timed out>
[2026-09-25 03:39:09] URLError on lookupType=car_id&constructionYear=2025&manufacturerId=55&modelId=6329 — backoff 2s (attempt 1)
[2026-09-25 03:39:41] URLError on lookupType=car_id&constructionYear=2025&manufacturerId=55&modelId=6329 — backoff 8s (attempt 2)
[2026-09-25 03:40:20] URLError on lookupType=car_id&constructionYear=2025&manufacturerId=55&modelId=6329 — backoff 32s (attempt 3)
[2026-09-25 03:41:15] FAILED car 2025|55|6329 (2025 Hyundai Kona): <urlopen error Remote end closed connection without response>
[2026-09-25 03:41:45] URLError on lookupType=car_id&constructionYear=2025&manufacturerId=55&modelId=6333 — backoff 2s (attempt 1)
[2026-09-25 03:42:18] URLError on lookupType=car_id&constructionYear=2025&manufacturerId=55&modelId=6333 — backoff 8s (attempt 2)
[2026-09-25 03:42:56] URLError on lookupType=car_id&constructionYear=2025&manufacturerId=55&modelId=6333 — backoff 32s (attempt 3)
[2026-09-25 03:43:58] FAILED car 2025|55|6333 (2025 Hyundai Palisade): <urlopen error timed out>
[2026-09-25 03:44:28] URLError on lookupType=car_id&constructionYear=2025&manufacturerId=55&modelId=2531 — backoff 2s (attempt 1)
[2026-09-25 03:45:01] URLError on lookupType=car_id&constructionYear=2025&manufacturerId=55&modelId=2531 — backoff 8s (attempt 2)
[2026-09-25 03:45:30] IncompleteRead on lookupType=car_id&constructionYear=2025&manufacturerId=55&modelId=2531 — backoff 32s (attempt 3)
[2026-09-25 03:46:11] RemoteDisconnected on lookupType=positions&carId=32320 — backoff 2s (attempt 1)
[2026-09-25 03:46:21] RemoteDisconnected on lookupType=positions&carId=32320 — backoff 8s (attempt 2)
[2026-09-25 03:46:30] IncompleteRead on lookupType=positions&carId=32320 — backoff 32s (attempt 3)
[2026-09-25 03:47:11] RemoteDisconnected on lookupType=notes&carId=32320&useId=483539 — backoff 2s (attempt 1)
[2026-09-25 03:47:15] RemoteDisconnected on lookupType=notes&carId=32320&useId=483539 — backoff 8s (attempt 2)
[2026-09-25 03:47:25] RemoteDisconnected on lookupType=notes&carId=32320&useId=483540 — backoff 2s (attempt 1)
[2026-09-25 03:47:44] RemoteDisconnected on lookupType=notes&carId=32320&useId=483547 — backoff 2s (attempt 1)
[2026-09-25 03:48:14] IncompleteRead on lookupType=notes&carId=32320&useId=483554 — backoff 2s (attempt 1)
[2026-09-25 03:48:28] RemoteDisconnected on lookupType=notes&carId=32320&useId=483545 — backoff 2s (attempt 1)
[2026-09-25 03:48:42] IncompleteRead on lookupType=notes&carId=32320&useId=483544 — backoff 2s (attempt 1)
[2026-09-25 03:48:54] RemoteDisconnected on lookupType=notes&carId=32320&useId=483553 — backoff 2s (attempt 1)
[2026-09-25 03:49:04] RemoteDisconnected on lookupType=car_id&constructionYear=2025&manufacturerId=55&modelId=2536 — backoff 2s (attempt 1)
[2026-09-25 03:49:08] RemoteDisconnected on lookupType=positions&carId=32343 — backoff 2s (attempt 1)
[2026-09-25 03:49:11] IncompleteRead on lookupType=positions&carId=32343 — backoff 8s (attempt 2)
[2026-09-25 03:49:20] IncompleteRead on lookupType=positions&carId=32343 — backoff 32s (attempt 3)
[2026-09-25 03:49:55] RemoteDisconnected on lookupType=notes&carId=32343&useId=484655 — backoff 2s (attempt 1)
[2026-09-25 03:49:59] RemoteDisconnected on lookupType=notes&carId=32343&useId=484655 — backoff 8s (attempt 2)
[2026-09-25 03:50:43] RemoteDisconnected on lookupType=notes&carId=32343&useId=484665 — backoff 2s (attempt 1)
[2026-09-25 03:50:56] RemoteDisconnected on lookupType=notes&carId=32343&useId=484667 — backoff 2s (attempt 1)
[2026-09-25 03:51:03] RemoteDisconnected on lookupType=notes&carId=32343&useId=484660 — backoff 2s (attempt 1)
[2026-09-25 03:51:07] RemoteDisconnected on lookupType=notes&carId=32343&useId=484661 — backoff 2s (attempt 1)
[2026-09-25 03:51:37] IncompleteRead on lookupType=notes&carId=32343&useId=484663 — backoff 2s (attempt 1)
[2026-09-25 03:51:40] RemoteDisconnected on lookupType=notes&carId=32343&useId=484663 — backoff 8s (attempt 2)
[2026-09-25 03:51:51] RemoteDisconnected on lookupType=models&constructionYear=2025&manufacturerId=61 — backoff 2s (attempt 1)
[2026-09-25 03:51:53] RemoteDisconnected on lookupType=models&constructionYear=2025&manufacturerId=61 — backoff 8s (attempt 2)
[2026-09-25 03:52:02] RemoteDisconnected on lookupType=models&constructionYear=2025&manufacturerId=61 — backoff 32s (attempt 3)
[2026-09-25 03:52:36] IncompleteRead on lookupType=car_id&constructionYear=2025&manufacturerId=61&modelId=2644 — backoff 2s (attempt 1)
[2026-09-25 03:52:40] RemoteDisconnected on lookupType=positions&carId=32766 — backoff 2s (attempt 1)
[2026-09-25 03:52:46] IncompleteRead on lookupType=notes&carId=32766&useId=495562 — backoff 2s (attempt 1)
[2026-09-25 03:52:49] RemoteDisconnected on lookupType=notes&carId=32766&useId=495562 — backoff 8s (attempt 2)
[2026-09-25 03:52:59] IncompleteRead on lookupType=notes&carId=32766&useId=495563 — backoff 2s (attempt 1)
[2026-09-25 03:53:19] IncompleteRead on lookupType=notes&carId=32766&useId=495567 — backoff 2s (attempt 1)
[2026-09-25 03:53:21] RemoteDisconnected on lookupType=notes&carId=32766&useId=495567 — backoff 8s (attempt 2)
[2026-09-25 03:53:30] RemoteDisconnected on lookupType=notes&carId=32766&useId=495567 — backoff 32s (attempt 3)
[2026-09-25 03:54:06] RemoteDisconnected on lookupType=car_id&constructionYear=2025&manufacturerId=61&modelId=2653 — backoff 2s (attempt 1)
[2026-09-25 03:54:10] RemoteDisconnected on lookupType=car_id&constructionYear=2025&manufacturerId=61&modelId=2653 — backoff 8s (attempt 2)
[2026-09-25 03:54:25] IncompleteRead on lookupType=notes&carId=32772&useId=496038 — backoff 2s (attempt 1)
[2026-09-25 03:54:43] IncompleteRead on lookupType=notes&carId=32772&useId=496042 — backoff 2s (attempt 1)
[2026-09-25 03:54:48] IncompleteRead on lookupType=notes&carId=32772&useId=496043 — backoff 2s (attempt 1)
[2026-09-25 03:54:51] RemoteDisconnected on lookupType=notes&carId=32772&useId=496043 — backoff 8s (attempt 2)
[2026-09-25 03:55:18] RemoteDisconnected on lookupType=notes&carId=32772&useId=496046 — backoff 2s (attempt 1)
[2026-09-25 03:55:24] RemoteDisconnected on lookupType=notes&carId=32772&useId=496039 — backoff 2s (attempt 1)
[2026-09-25 03:55:27] RemoteDisconnected on lookupType=notes&carId=32772&useId=496039 — backoff 8s (attempt 2)
[2026-09-25 03:55:36] RemoteDisconnected on lookupType=notes&carId=32772&useId=496039 — backoff 32s (attempt 3)
[2026-09-25 03:56:13] IncompleteRead on lookupType=positions&carId=32781 — backoff 2s (attempt 1)
[2026-09-25 03:56:16] IncompleteRead on lookupType=positions&carId=32781 — backoff 8s (attempt 2)
[2026-09-25 03:56:25] RemoteDisconnected on lookupType=positions&carId=32781 — backoff 32s (attempt 3)
[2026-09-25 03:56:58] FAILED car 2025|61|2655 (2025 Jeep Grand Wagoneer): IncompleteRead(0 bytes read)
[2026-09-25 03:57:01] IncompleteRead on lookupType=positions&carId=32790 — backoff 2s (attempt 1)
[2026-09-25 03:57:09] RemoteDisconnected on lookupType=notes&carId=32790&useId=498853 — backoff 2s (attempt 1)
[2026-09-25 03:57:19] RemoteDisconnected on lookupType=notes&carId=32790&useId=498867 — backoff 2s (attempt 1)
[2026-09-25 03:57:22] RemoteDisconnected on lookupType=notes&carId=32790&useId=498867 — backoff 8s (attempt 2)
[2026-09-25 03:57:31] RemoteDisconnected on lookupType=notes&carId=32790&useId=498867 — backoff 32s (attempt 3)
[2026-09-25 03:58:04] FAILED car 2025|61|2692 (2025 Jeep Wagoneer): IncompleteRead(114 bytes read, 235 more expected)
[2026-09-25 03:58:08] IncompleteRead on lookupType=positions&carId=33491 — backoff 2s (attempt 1)
[2026-09-25 03:58:11] IncompleteRead on lookupType=positions&carId=33491 — backoff 8s (attempt 2)
[2026-09-25 03:58:20] RemoteDisconnected on lookupType=positions&carId=33491 — backoff 32s (attempt 3)
[2026-09-25 03:59:06] IncompleteRead on lookupType=notes&carId=33491&useId=505599 — backoff 2s (attempt 1)
[2026-09-25 03:59:17] RemoteDisconnected on lookupType=notes&carId=33491&useId=505592 — backoff 2s (attempt 1)
[2026-09-25 03:59:22] IncompleteRead on lookupType=notes&carId=33491&useId=505593 — backoff 2s (attempt 1)
[2026-09-25 03:59:26] IncompleteRead on lookupType=notes&carId=33491&useId=505594 — backoff 2s (attempt 1)
[2026-09-25 03:59:29] IncompleteRead on lookupType=notes&carId=33491&useId=505594 — backoff 8s (attempt 2)
[2026-09-25 03:59:39] IncompleteRead on lookupType=notes&carId=33491&useId=505594 — backoff 32s (attempt 3)
[2026-09-25 04:00:15] progress: 25 cars this run, 28 total, 53.9 min elapsed (129.4s/car)
[2026-09-25 04:00:16] RemoteDisconnected on lookupType=car_id&constructionYear=2025&manufacturerId=63&modelId=2880 — backoff 2s (attempt 1)
[2026-09-25 04:00:19] RemoteDisconnected on lookupType=car_id&constructionYear=2025&manufacturerId=63&modelId=2880 — backoff 8s (attempt 2)
[2026-09-25 04:00:36] RemoteDisconnected on lookupType=notes&carId=33545&useId=507959 — backoff 2s (attempt 1)
[2026-09-25 04:00:39] IncompleteRead on lookupType=notes&carId=33545&useId=507959 — backoff 8s (attempt 2)
[2026-09-25 04:00:48] URLError on lookupType=notes&carId=33545&useId=507959 — backoff 32s (attempt 3)
[2026-09-25 11:09:12] === YEAR 2025: fetching makes ===
[2026-09-25 11:09:12] === YEAR 2025: fetching makes ===
[2026-09-25 11:09:13] RemoteDisconnected on lookupType=makes&constructionYear=2025 — backoff 2s (attempt 1)
[2026-09-25 11:09:13] RemoteDisconnected on lookupType=makes&constructionYear=2025 — backoff 2s (attempt 1)
[2026-09-25 11:09:16] year 2025: 22 makes total, 14 passenger-auto
[2026-09-25 11:09:16] year 2025: 22 makes total, 14 passenger-auto
[2026-09-25 11:09:19] RemoteDisconnected on lookupType=models&constructionYear=2025&manufacturerId=45 — backoff 2s (attempt 1)
[2026-09-25 11:09:19] RemoteDisconnected on lookupType=models&constructionYear=2025&manufacturerId=45 — backoff 2s (attempt 1)
[2026-09-25 11:09:24] IncompleteRead on lookupType=models&constructionYear=2025&manufacturerId=52 — backoff 2s (attempt 1)
[2026-09-25 11:09:24] IncompleteRead on lookupType=models&constructionYear=2025&manufacturerId=52 — backoff 2s (attempt 1)
[2026-09-25 11:09:31] IncompleteRead on lookupType=positions&carId=32279 — backoff 2s (attempt 1)
[2026-09-25 11:09:31] IncompleteRead on lookupType=positions&carId=32279 — backoff 2s (attempt 1)
[2026-09-25 11:09:40] RemoteDisconnected on lookupType=notes&carId=32279&useId=482171 — backoff 2s (attempt 1)
[2026-09-25 11:09:40] RemoteDisconnected on lookupType=notes&carId=32279&useId=482171 — backoff 2s (attempt 1)
[2026-09-25 11:09:42] IncompleteRead on lookupType=notes&carId=32279&useId=482171 — backoff 8s (attempt 2)
[2026-09-25 11:09:42] IncompleteRead on lookupType=notes&carId=32279&useId=482171 — backoff 8s (attempt 2)
[2026-09-25 11:09:52] RemoteDisconnected on lookupType=notes&carId=32279&useId=482174 — backoff 2s (attempt 1)
[2026-09-25 11:09:52] RemoteDisconnected on lookupType=notes&carId=32279&useId=482174 — backoff 2s (attempt 1)
[2026-09-25 11:09:55] RemoteDisconnected on lookupType=notes&carId=32279&useId=482174 — backoff 8s (attempt 2)
[2026-09-25 11:09:55] RemoteDisconnected on lookupType=notes&carId=32279&useId=482174 — backoff 8s (attempt 2)
[2026-09-25 11:10:10] RemoteDisconnected on lookupType=notes&carId=32279&useId=482179 — backoff 2s (attempt 1)
[2026-09-25 11:10:10] RemoteDisconnected on lookupType=notes&carId=32279&useId=482179 — backoff 2s (attempt 1)
[2026-09-25 11:10:15] RemoteDisconnected on lookupType=notes&carId=32279&useId=482181 — backoff 2s (attempt 1)
[2026-09-25 11:10:15] RemoteDisconnected on lookupType=notes&carId=32279&useId=482181 — backoff 2s (attempt 1)
[2026-09-25 11:10:19] RemoteDisconnected on lookupType=notes&carId=32279&useId=482182 — backoff 2s (attempt 1)
[2026-09-25 11:10:19] RemoteDisconnected on lookupType=notes&carId=32279&useId=482182 — backoff 2s (attempt 1)
[2026-09-25 11:10:28] IncompleteRead on lookupType=positions&carId=32299 — backoff 2s (attempt 1)
[2026-09-25 11:10:28] IncompleteRead on lookupType=positions&carId=32299 — backoff 2s (attempt 1)
[2026-09-25 11:10:30] RemoteDisconnected on lookupType=positions&carId=32299 — backoff 8s (attempt 2)
[2026-09-25 11:10:30] RemoteDisconnected on lookupType=positions&carId=32299 — backoff 8s (attempt 2)
[2026-09-25 11:10:42] IncompleteRead on lookupType=notes&carId=32299&useId=483022 — backoff 2s (attempt 1)
[2026-09-25 11:10:42] IncompleteRead on lookupType=notes&carId=32299&useId=483022 — backoff 2s (attempt 1)
[2026-09-25 11:10:45] IncompleteRead on lookupType=notes&carId=32299&useId=483022 — backoff 8s (attempt 2)
[2026-09-25 11:10:45] IncompleteRead on lookupType=notes&carId=32299&useId=483022 — backoff 8s (attempt 2)
[2026-09-25 11:10:57] RemoteDisconnected on lookupType=notes&carId=32299&useId=483014 — backoff 2s (attempt 1)
[2026-09-25 11:10:57] RemoteDisconnected on lookupType=notes&carId=32299&useId=483014 — backoff 2s (attempt 1)
[2026-09-25 11:11:02] IncompleteRead on lookupType=notes&carId=32299&useId=483015 — backoff 2s (attempt 1)
[2026-09-25 11:11:02] IncompleteRead on lookupType=notes&carId=32299&useId=483015 — backoff 2s (attempt 1)
[2026-09-25 11:11:08] RemoteDisconnected on lookupType=notes&carId=32299&useId=483020 — backoff 2s (attempt 1)
[2026-09-25 11:11:08] RemoteDisconnected on lookupType=notes&carId=32299&useId=483020 — backoff 2s (attempt 1)
[2026-09-25 11:11:16] RemoteDisconnected on lookupType=notes&carId=32299&useId=483025 — backoff 2s (attempt 1)
[2026-09-25 11:11:16] RemoteDisconnected on lookupType=notes&carId=32299&useId=483025 — backoff 2s (attempt 1)
[2026-09-25 11:11:19] RemoteDisconnected on lookupType=notes&carId=32299&useId=483025 — backoff 8s (attempt 2)
[2026-09-25 11:11:19] RemoteDisconnected on lookupType=notes&carId=32299&useId=483025 — backoff 8s (attempt 2)
[2026-09-25 11:11:28] RemoteDisconnected on lookupType=notes&carId=32299&useId=483025 — backoff 32s (attempt 3)
[2026-09-25 11:11:28] RemoteDisconnected on lookupType=notes&carId=32299&useId=483025 — backoff 32s (attempt 3)
[2026-09-25 11:12:06] IncompleteRead on lookupType=notes&carId=32299&useId=483018 — backoff 2s (attempt 1)
[2026-09-25 11:12:06] IncompleteRead on lookupType=notes&carId=32299&useId=483018 — backoff 2s (attempt 1)
[2026-09-25 11:12:09] IncompleteRead on lookupType=notes&carId=32299&useId=483018 — backoff 8s (attempt 2)
[2026-09-25 11:12:09] IncompleteRead on lookupType=notes&carId=32299&useId=483018 — backoff 8s (attempt 2)
[2026-09-25 11:12:19] RemoteDisconnected on lookupType=notes&carId=32299&useId=483019 — backoff 2s (attempt 1)
[2026-09-25 11:12:19] RemoteDisconnected on lookupType=notes&carId=32299&useId=483019 — backoff 2s (attempt 1)
[2026-09-25 11:12:24] RemoteDisconnected on lookupType=notes&carId=32299&useId=483019 — backoff 8s (attempt 2)
[2026-09-25 11:12:24] RemoteDisconnected on lookupType=notes&carId=32299&useId=483019 — backoff 8s (attempt 2)
[2026-09-25 11:12:33] IncompleteRead on lookupType=notes&carId=32299&useId=483019 — backoff 32s (attempt 3)
[2026-09-25 11:12:33] IncompleteRead on lookupType=notes&carId=32299&useId=483019 — backoff 32s (attempt 3)
[2026-09-25 11:13:06] FAILED car 2025|55|6329 (2025 Hyundai Kona): Remote end closed connection without response
[2026-09-25 11:13:06] FAILED car 2025|55|6329 (2025 Hyundai Kona): Remote end closed connection without response
[2026-09-25 11:13:08] IncompleteRead on lookupType=positions&carId=32311 — backoff 2s (attempt 1)
[2026-09-25 11:13:08] IncompleteRead on lookupType=positions&carId=32311 — backoff 2s (attempt 1)
[2026-09-25 11:13:12] IncompleteRead on lookupType=positions&carId=32311 — backoff 8s (attempt 2)
[2026-09-25 11:13:12] IncompleteRead on lookupType=positions&carId=32311 — backoff 8s (attempt 2)
[2026-09-25 11:13:21] IncompleteRead on lookupType=positions&carId=32311 — backoff 32s (attempt 3)
[2026-09-25 11:13:21] IncompleteRead on lookupType=positions&carId=32311 — backoff 32s (attempt 3)
[2026-09-25 11:13:58] IncompleteRead on lookupType=notes&carId=32311&useId=483230 — backoff 2s (attempt 1)
[2026-09-25 11:13:58] IncompleteRead on lookupType=notes&carId=32311&useId=483230 — backoff 2s (attempt 1)
[2026-09-25 11:14:01] IncompleteRead on lookupType=notes&carId=32311&useId=483230 — backoff 8s (attempt 2)
[2026-09-25 11:14:01] IncompleteRead on lookupType=notes&carId=32311&useId=483230 — backoff 8s (attempt 2)
[2026-09-25 11:14:10] RemoteDisconnected on lookupType=notes&carId=32311&useId=483230 — backoff 32s (attempt 3)
[2026-09-25 11:14:10] RemoteDisconnected on lookupType=notes&carId=32311&useId=483230 — backoff 32s (attempt 3)
[2026-09-25 11:14:43] FAILED car 2025|55|6333 (2025 Hyundai Palisade): Remote end closed connection without response
[2026-09-25 11:14:43] FAILED car 2025|55|6333 (2025 Hyundai Palisade): Remote end closed connection without response
[2026-09-25 11:14:44] IncompleteRead on lookupType=models&constructionYear=2025&manufacturerId=61 — backoff 2s (attempt 1)
[2026-09-25 11:14:44] IncompleteRead on lookupType=models&constructionYear=2025&manufacturerId=61 — backoff 2s (attempt 1)
[2026-09-25 11:14:51] RemoteDisconnected on lookupType=positions&carId=32781 — backoff 2s (attempt 1)
[2026-09-25 11:14:51] RemoteDisconnected on lookupType=positions&carId=32781 — backoff 2s (attempt 1)
[2026-09-25 11:14:54] IncompleteRead on lookupType=positions&carId=32781 — backoff 8s (attempt 2)
[2026-09-25 11:14:54] IncompleteRead on lookupType=positions&carId=32781 — backoff 8s (attempt 2)
[2026-09-25 11:15:03] RemoteDisconnected on lookupType=positions&carId=32781 — backoff 32s (attempt 3)
[2026-09-25 11:15:03] RemoteDisconnected on lookupType=positions&carId=32781 — backoff 32s (attempt 3)
[2026-09-25 11:15:36] FAILED car 2025|61|2655 (2025 Jeep Grand Wagoneer): Remote end closed connection without response
[2026-09-25 11:15:36] FAILED car 2025|61|2655 (2025 Jeep Grand Wagoneer): Remote end closed connection without response
[2026-09-25 11:15:37] RemoteDisconnected on lookupType=car_id&constructionYear=2025&manufacturerId=61&modelId=2692 — backoff 2s (attempt 1)
[2026-09-25 11:15:37] RemoteDisconnected on lookupType=car_id&constructionYear=2025&manufacturerId=61&modelId=2692 — backoff 2s (attempt 1)
[2026-09-25 11:15:50] IncompleteRead on lookupType=notes&carId=32790&useId=498866 — backoff 2s (attempt 1)
[2026-09-25 11:15:50] IncompleteRead on lookupType=notes&carId=32790&useId=498866 — backoff 2s (attempt 1)
[2026-09-25 11:15:55] RemoteDisconnected on lookupType=notes&carId=32790&useId=498867 — backoff 2s (attempt 1)
[2026-09-25 11:15:55] RemoteDisconnected on lookupType=notes&carId=32790&useId=498867 — backoff 2s (attempt 1)
[2026-09-25 11:16:16] RemoteDisconnected on lookupType=notes&carId=32790&useId=498859 — backoff 2s (attempt 1)
[2026-09-25 11:16:16] RemoteDisconnected on lookupType=notes&carId=32790&useId=498859 — backoff 2s (attempt 1)
[2026-09-25 11:16:29] IncompleteRead on lookupType=notes&carId=32790&useId=498864 — backoff 2s (attempt 1)
[2026-09-25 11:16:29] IncompleteRead on lookupType=notes&carId=32790&useId=498864 — backoff 2s (attempt 1)
[2026-09-25 11:17:07] RemoteDisconnected on lookupType=notes&carId=32790&useId=498856 — backoff 2s (attempt 1)
[2026-09-25 11:17:07] RemoteDisconnected on lookupType=notes&carId=32790&useId=498856 — backoff 2s (attempt 1)
[2026-09-25 11:17:29] IncompleteRead on lookupType=notes&carId=32790&useId=498857 — backoff 2s (attempt 1)
[2026-09-25 11:17:29] IncompleteRead on lookupType=notes&carId=32790&useId=498857 — backoff 2s (attempt 1)
[2026-09-25 11:17:32] RemoteDisconnected on lookupType=notes&carId=32790&useId=498857 — backoff 8s (attempt 2)
[2026-09-25 11:17:32] RemoteDisconnected on lookupType=notes&carId=32790&useId=498857 — backoff 8s (attempt 2)
[2026-09-25 11:17:41] IncompleteRead on lookupType=notes&carId=32790&useId=498857 — backoff 32s (attempt 3)
[2026-09-25 11:17:41] IncompleteRead on lookupType=notes&carId=32790&useId=498857 — backoff 32s (attempt 3)
[2026-09-25 11:18:20] IncompleteRead on lookupType=notes&carId=32790&useId=498858 — backoff 2s (attempt 1)
[2026-09-25 11:18:20] IncompleteRead on lookupType=notes&carId=32790&useId=498858 — backoff 2s (attempt 1)
[2026-09-25 11:18:33] IncompleteRead on lookupType=notes&carId=32790&useId=498860 — backoff 2s (attempt 1)
[2026-09-25 11:18:33] IncompleteRead on lookupType=notes&carId=32790&useId=498860 — backoff 2s (attempt 1)
[2026-09-25 11:18:43] RemoteDisconnected on lookupType=notes&carId=32790&useId=498869 — backoff 2s (attempt 1)
[2026-09-25 11:18:43] RemoteDisconnected on lookupType=notes&carId=32790&useId=498869 — backoff 2s (attempt 1)
[2026-09-25 11:18:57] RemoteDisconnected on lookupType=notes&carId=33545&useId=507959 — backoff 2s (attempt 1)
[2026-09-25 11:18:57] RemoteDisconnected on lookupType=notes&carId=33545&useId=507959 — backoff 2s (attempt 1)
[2026-09-25 11:19:17] RemoteDisconnected on lookupType=notes&carId=33545&useId=507970 — backoff 2s (attempt 1)
[2026-09-25 11:19:17] RemoteDisconnected on lookupType=notes&carId=33545&useId=507970 — backoff 2s (attempt 1)
[2026-09-25 11:19:20] RemoteDisconnected on lookupType=notes&carId=33545&useId=507970 — backoff 8s (attempt 2)
[2026-09-25 11:19:20] RemoteDisconnected on lookupType=notes&carId=33545&useId=507970 — backoff 8s (attempt 2)
[2026-09-25 11:19:36] RemoteDisconnected on lookupType=notes&carId=33545&useId=507973 — backoff 2s (attempt 1)
[2026-09-25 11:19:36] RemoteDisconnected on lookupType=notes&carId=33545&useId=507973 — backoff 2s (attempt 1)
[2026-09-25 11:19:48] RemoteDisconnected on lookupType=notes&carId=33545&useId=507977 — backoff 2s (attempt 1)
[2026-09-25 11:19:48] RemoteDisconnected on lookupType=notes&carId=33545&useId=507977 — backoff 2s (attempt 1)
[2026-09-25 11:19:52] RemoteDisconnected on lookupType=notes&carId=33545&useId=507977 — backoff 8s (attempt 2)
[2026-09-25 11:19:52] RemoteDisconnected on lookupType=notes&carId=33545&useId=507977 — backoff 8s (attempt 2)
[2026-09-25 11:20:00] IncompleteRead on lookupType=notes&carId=33545&useId=507977 — backoff 32s (attempt 3)
[2026-09-25 11:20:00] IncompleteRead on lookupType=notes&carId=33545&useId=507977 — backoff 32s (attempt 3)
[2026-09-25 11:20:50] RemoteDisconnected on lookupType=notes&carId=33545&useId=507969 — backoff 2s (attempt 1)
[2026-09-25 11:20:50] RemoteDisconnected on lookupType=notes&carId=33545&useId=507969 — backoff 2s (attempt 1)
[2026-09-25 11:20:53] IncompleteRead on lookupType=notes&carId=33545&useId=507969 — backoff 8s (attempt 2)
[2026-09-25 11:20:53] IncompleteRead on lookupType=notes&carId=33545&useId=507969 — backoff 8s (attempt 2)
[2026-09-25 11:21:03] IncompleteRead on lookupType=notes&carId=33545&useId=507975 — backoff 2s (attempt 1)
[2026-09-25 11:21:03] IncompleteRead on lookupType=notes&carId=33545&useId=507975 — backoff 2s (attempt 1)
[2026-09-25 11:21:09] IncompleteRead on lookupType=positions&carId=33751 — backoff 2s (attempt 1)
[2026-09-25 11:21:09] IncompleteRead on lookupType=positions&carId=33751 — backoff 2s (attempt 1)
[2026-09-25 11:21:12] RemoteDisconnected on lookupType=positions&carId=33751 — backoff 8s (attempt 2)
[2026-09-25 11:21:12] RemoteDisconnected on lookupType=positions&carId=33751 — backoff 8s (attempt 2)
[2026-09-25 11:21:21] IncompleteRead on lookupType=positions&carId=33751 — backoff 32s (attempt 3)
[2026-09-25 11:21:21] IncompleteRead on lookupType=positions&carId=33751 — backoff 32s (attempt 3)
[2026-09-25 11:22:00] FAILED car 2025|68|2957 (2025 Lexus ES350): IncompleteRead(0 bytes read)
[2026-09-25 11:22:00] FAILED car 2025|68|2957 (2025 Lexus ES350): IncompleteRead(0 bytes read)
[2026-09-25 11:22:13] IncompleteRead on lookupType=positions&carId=33768 — backoff 2s (attempt 1)
[2026-09-25 11:22:13] IncompleteRead on lookupType=positions&carId=33768 — backoff 2s (attempt 1)
[2026-09-25 11:22:46] IncompleteRead on lookupType=notes&carId=33768&useId=513342 — backoff 2s (attempt 1)
[2026-09-25 11:22:46] IncompleteRead on lookupType=notes&carId=33768&useId=513342 — backoff 2s (attempt 1)
[2026-09-25 11:23:03] RemoteDisconnected on lookupType=notes&carId=33768&useId=513339 — backoff 2s (attempt 1)
[2026-09-25 11:23:03] RemoteDisconnected on lookupType=notes&carId=33768&useId=513339 — backoff 2s (attempt 1)
[2026-09-25 11:23:08] IncompleteRead on lookupType=notes&carId=33768&useId=513340 — backoff 2s (attempt 1)
[2026-09-25 11:23:08] IncompleteRead on lookupType=notes&carId=33768&useId=513340 — backoff 2s (attempt 1)
[2026-09-25 11:23:16] RemoteDisconnected on lookupType=positions&carId=33776 — backoff 2s (attempt 1)
[2026-09-25 11:23:16] RemoteDisconnected on lookupType=positions&carId=33776 — backoff 2s (attempt 1)
[2026-09-25 11:23:31] IncompleteRead on lookupType=notes&carId=33776&useId=513899 — backoff 2s (attempt 1)
[2026-09-25 11:23:31] IncompleteRead on lookupType=notes&carId=33776&useId=513899 — backoff 2s (attempt 1)
[2026-09-25 11:23:37] RemoteDisconnected on lookupType=notes&carId=33776&useId=513904 — backoff 2s (attempt 1)
[2026-09-25 11:23:37] RemoteDisconnected on lookupType=notes&carId=33776&useId=513904 — backoff 2s (attempt 1)
[2026-09-25 11:23:48] RemoteDisconnected on lookupType=notes&carId=33776&useId=513907 — backoff 2s (attempt 1)
[2026-09-25 11:23:48] RemoteDisconnected on lookupType=notes&carId=33776&useId=513907 — backoff 2s (attempt 1)
[2026-09-25 11:23:59] RemoteDisconnected on lookupType=notes&carId=33776&useId=513911 — backoff 2s (attempt 1)
[2026-09-25 11:23:59] RemoteDisconnected on lookupType=notes&carId=33776&useId=513911 — backoff 2s (attempt 1)
[2026-09-25 11:24:08] IncompleteRead on lookupType=notes&carId=33776&useId=513903 — backoff 2s (attempt 1)
[2026-09-25 11:24:08] IncompleteRead on lookupType=notes&carId=33776&useId=513903 — backoff 2s (attempt 1)
[2026-09-25 11:24:14] RemoteDisconnected on lookupType=notes&carId=33776&useId=513898 — backoff 2s (attempt 1)
[2026-09-25 11:24:14] RemoteDisconnected on lookupType=notes&carId=33776&useId=513898 — backoff 2s (attempt 1)
[2026-09-25 11:24:19] IncompleteRead on lookupType=notes&carId=33776&useId=513909 — backoff 2s (attempt 1)
[2026-09-25 11:24:19] IncompleteRead on lookupType=notes&carId=33776&useId=513909 — backoff 2s (attempt 1)
[2026-09-25 11:24:24] IncompleteRead on lookupType=positions&carId=33783 — backoff 2s (attempt 1)
[2026-09-25 11:24:24] IncompleteRead on lookupType=positions&carId=33783 — backoff 2s (attempt 1)
[2026-09-25 11:24:27] IncompleteRead on lookupType=positions&carId=33783 — backoff 8s (attempt 2)
[2026-09-25 11:24:27] IncompleteRead on lookupType=positions&carId=33783 — backoff 8s (attempt 2)
[2026-09-25 11:24:36] IncompleteRead on lookupType=positions&carId=33783 — backoff 32s (attempt 3)
[2026-09-25 11:24:36] IncompleteRead on lookupType=positions&carId=33783 — backoff 32s (attempt 3)
[2026-09-25 11:25:09] FAILED car 2025|68|2975 (2025 Lexus IS350): IncompleteRead(2207 bytes read)
[2026-09-25 11:25:09] FAILED car 2025|68|2975 (2025 Lexus IS350): IncompleteRead(2207 bytes read)
[2026-09-25 11:25:14] IncompleteRead on lookupType=positions&carId=33790 — backoff 2s (attempt 1)
[2026-09-25 11:25:14] IncompleteRead on lookupType=positions&carId=33790 — backoff 2s (attempt 1)
[2026-09-25 11:25:17] RemoteDisconnected on lookupType=positions&carId=33790 — backoff 8s (attempt 2)
[2026-09-25 11:25:17] RemoteDisconnected on lookupType=positions&carId=33790 — backoff 8s (attempt 2)
[2026-09-25 11:25:36] RemoteDisconnected on lookupType=notes&carId=33790&useId=514329 — backoff 2s (attempt 1)
[2026-09-25 11:25:36] RemoteDisconnected on lookupType=notes&carId=33790&useId=514329 — backoff 2s (attempt 1)
[2026-09-25 11:25:43] RemoteDisconnected on lookupType=notes&carId=33790&useId=514330 — backoff 2s (attempt 1)
[2026-09-25 11:25:43] RemoteDisconnected on lookupType=notes&carId=33790&useId=514330 — backoff 2s (attempt 1)
[2026-09-25 11:25:48] RemoteDisconnected on lookupType=notes&carId=33790&useId=514331 — backoff 2s (attempt 1)
[2026-09-25 11:25:48] RemoteDisconnected on lookupType=notes&carId=33790&useId=514331 — backoff 2s (attempt 1)
[2026-09-25 11:25:54] IncompleteRead on lookupType=notes&carId=33790&useId=514333 — backoff 2s (attempt 1)
[2026-09-25 11:25:54] IncompleteRead on lookupType=notes&carId=33790&useId=514333 — backoff 2s (attempt 1)
[2026-09-25 11:25:59] IncompleteRead on lookupType=notes&carId=33790&useId=514333 — backoff 8s (attempt 2)
[2026-09-25 11:25:59] IncompleteRead on lookupType=notes&carId=33790&useId=514333 — backoff 8s (attempt 2)
[2026-09-25 11:26:09] RemoteDisconnected on lookupType=notes&carId=33790&useId=514334 — backoff 2s (attempt 1)
[2026-09-25 11:26:09] RemoteDisconnected on lookupType=notes&carId=33790&useId=514334 — backoff 2s (attempt 1)
[2026-09-25 11:26:13] RemoteDisconnected on lookupType=notes&carId=33790&useId=514334 — backoff 8s (attempt 2)
[2026-09-25 11:26:13] RemoteDisconnected on lookupType=notes&carId=33790&useId=514334 — backoff 8s (attempt 2)
[2026-09-25 11:26:23] RemoteDisconnected on lookupType=notes&carId=33790&useId=514327 — backoff 2s (attempt 1)
[2026-09-25 11:26:23] RemoteDisconnected on lookupType=notes&carId=33790&useId=514327 — backoff 2s (attempt 1)
[2026-09-25 11:26:32] IncompleteRead on lookupType=positions&carId=33799 — backoff 2s (attempt 1)
[2026-09-25 11:26:32] IncompleteRead on lookupType=positions&carId=33799 — backoff 2s (attempt 1)
[2026-09-25 11:26:35] RemoteDisconnected on lookupType=positions&carId=33799 — backoff 8s (attempt 2)
[2026-09-25 11:26:35] RemoteDisconnected on lookupType=positions&carId=33799 — backoff 8s (attempt 2)
[2026-09-25 11:26:44] IncompleteRead on lookupType=positions&carId=33799 — backoff 32s (attempt 3)
[2026-09-25 11:26:44] IncompleteRead on lookupType=positions&carId=33799 — backoff 32s (attempt 3)
[2026-09-25 11:27:18] FAILED car 2025|68|6626 (2025 Lexus LS500): IncompleteRead(1874 bytes read)
[2026-09-25 11:27:18] FAILED car 2025|68|6626 (2025 Lexus LS500): IncompleteRead(1874 bytes read)
[2026-09-25 11:27:23] RemoteDisconnected on lookupType=positions&carId=33808 — backoff 2s (attempt 1)
[2026-09-25 11:27:23] RemoteDisconnected on lookupType=positions&carId=33808 — backoff 2s (attempt 1)
[2026-09-25 11:27:31] RemoteDisconnected on lookupType=notes&carId=33808&useId=515483 — backoff 2s (attempt 1)
[2026-09-25 11:27:31] RemoteDisconnected on lookupType=notes&carId=33808&useId=515483 — backoff 2s (attempt 1)
[2026-09-25 11:27:34] IncompleteRead on lookupType=notes&carId=33808&useId=515483 — backoff 8s (attempt 2)
[2026-09-25 11:27:34] IncompleteRead on lookupType=notes&carId=33808&useId=515483 — backoff 8s (attempt 2)
[2026-09-25 11:27:44] RemoteDisconnected on lookupType=notes&carId=33808&useId=515483 — backoff 32s (attempt 3)
[2026-09-25 11:27:44] RemoteDisconnected on lookupType=notes&carId=33808&useId=515483 — backoff 32s (attempt 3)
[2026-09-25 11:28:19] RemoteDisconnected on lookupType=notes&carId=33808&useId=515484 — backoff 2s (attempt 1)
[2026-09-25 11:28:19] RemoteDisconnected on lookupType=notes&carId=33808&useId=515484 — backoff 2s (attempt 1)
[2026-09-25 11:28:22] IncompleteRead on lookupType=notes&carId=33808&useId=515484 — backoff 8s (attempt 2)
[2026-09-25 11:28:22] IncompleteRead on lookupType=notes&carId=33808&useId=515484 — backoff 8s (attempt 2)
[2026-09-25 11:28:37] IncompleteRead on lookupType=notes&carId=33808&useId=515490 — backoff 2s (attempt 1)
[2026-09-25 11:28:37] IncompleteRead on lookupType=notes&carId=33808&useId=515490 — backoff 2s (attempt 1)
[2026-09-25 11:28:40] IncompleteRead on lookupType=notes&carId=33808&useId=515490 — backoff 8s (attempt 2)
[2026-09-25 11:28:40] IncompleteRead on lookupType=notes&carId=33808&useId=515490 — backoff 8s (attempt 2)
[2026-09-25 11:28:53] IncompleteRead on lookupType=notes&carId=33808&useId=515491 — backoff 2s (attempt 1)
[2026-09-25 11:28:53] IncompleteRead on lookupType=notes&carId=33808&useId=515491 — backoff 2s (attempt 1)
[2026-09-25 11:28:59] RemoteDisconnected on lookupType=notes&carId=33808&useId=515492 — backoff 2s (attempt 1)
[2026-09-25 11:28:59] RemoteDisconnected on lookupType=notes&carId=33808&useId=515492 — backoff 2s (attempt 1)
[2026-09-25 11:29:11] RemoteDisconnected on lookupType=notes&carId=33808&useId=515488 — backoff 2s (attempt 1)
[2026-09-25 11:29:11] RemoteDisconnected on lookupType=notes&carId=33808&useId=515488 — backoff 2s (attempt 1)
[2026-09-25 11:29:18] RemoteDisconnected on lookupType=positions&carId=33812 — backoff 2s (attempt 1)
[2026-09-25 11:29:18] RemoteDisconnected on lookupType=positions&carId=33812 — backoff 2s (attempt 1)
[2026-09-25 11:29:21] IncompleteRead on lookupType=positions&carId=33812 — backoff 8s (attempt 2)
[2026-09-25 11:29:21] IncompleteRead on lookupType=positions&carId=33812 — backoff 8s (attempt 2)
[2026-09-25 11:29:30] IncompleteRead on lookupType=positions&carId=33812 — backoff 32s (attempt 3)
[2026-09-25 11:29:30] IncompleteRead on lookupType=positions&carId=33812 — backoff 32s (attempt 3)
[2026-09-25 11:30:04] FAILED car 2025|68|6629 (2025 Lexus NX250): Remote end closed connection without response
[2026-09-25 11:30:04] FAILED car 2025|68|6629 (2025 Lexus NX250): Remote end closed connection without response
[2026-09-25 11:30:05] IncompleteRead on lookupType=car_id&constructionYear=2025&manufacturerId=68&modelId=6631 — backoff 2s (attempt 1)
[2026-09-25 11:30:05] IncompleteRead on lookupType=car_id&constructionYear=2025&manufacturerId=68&modelId=6631 — backoff 2s (attempt 1)
[2026-09-25 11:30:08] IncompleteRead on lookupType=car_id&constructionYear=2025&manufacturerId=68&modelId=6631 — backoff 8s (attempt 2)
[2026-09-25 11:30:08] IncompleteRead on lookupType=car_id&constructionYear=2025&manufacturerId=68&modelId=6631 — backoff 8s (attempt 2)
[2026-09-25 11:30:22] RemoteDisconnected on lookupType=notes&carId=33822&useId=515789 — backoff 2s (attempt 1)
[2026-09-25 11:30:22] RemoteDisconnected on lookupType=notes&carId=33822&useId=515789 — backoff 2s (attempt 1)
[2026-09-25 11:30:26] IncompleteRead on lookupType=notes&carId=33822&useId=515790 — backoff 2s (attempt 1)
[2026-09-25 11:30:26] IncompleteRead on lookupType=notes&carId=33822&useId=515790 — backoff 2s (attempt 1)
[2026-09-25 11:30:29] IncompleteRead on lookupType=notes&carId=33822&useId=515790 — backoff 8s (attempt 2)
[2026-09-25 11:30:29] IncompleteRead on lookupType=notes&carId=33822&useId=515790 — backoff 8s (attempt 2)
[2026-09-25 11:30:45] RemoteDisconnected on lookupType=notes&carId=33822&useId=515798 — backoff 2s (attempt 1)
[2026-09-25 11:30:45] RemoteDisconnected on lookupType=notes&carId=33822&useId=515798 — backoff 2s (attempt 1)
[2026-09-25 11:30:49] IncompleteRead on lookupType=notes&carId=33822&useId=515799 — backoff 2s (attempt 1)
[2026-09-25 11:30:49] IncompleteRead on lookupType=notes&carId=33822&useId=515799 — backoff 2s (attempt 1)
[2026-09-25 11:30:58] RemoteDisconnected on lookupType=notes&carId=33822&useId=515792 — backoff 2s (attempt 1)
[2026-09-25 11:30:58] RemoteDisconnected on lookupType=notes&carId=33822&useId=515792 — backoff 2s (attempt 1)
[2026-09-25 11:31:08] IncompleteRead on lookupType=notes&carId=33822&useId=515792 — backoff 8s (attempt 2)
[2026-09-25 11:31:08] IncompleteRead on lookupType=notes&carId=33822&useId=515792 — backoff 8s (attempt 2)
[2026-09-25 11:31:16] RemoteDisconnected on lookupType=notes&carId=33822&useId=515792 — backoff 32s (attempt 3)
[2026-09-25 11:31:16] RemoteDisconnected on lookupType=notes&carId=33822&useId=515792 — backoff 32s (attempt 3)
[2026-09-25 11:31:57] IncompleteRead on lookupType=positions&carId=33826 — backoff 2s (attempt 1)
[2026-09-25 11:31:57] IncompleteRead on lookupType=positions&carId=33826 — backoff 2s (attempt 1)
[2026-09-25 11:32:01] IncompleteRead on lookupType=positions&carId=33826 — backoff 8s (attempt 2)
[2026-09-25 11:32:01] IncompleteRead on lookupType=positions&carId=33826 — backoff 8s (attempt 2)
[2026-09-25 11:32:11] RemoteDisconnected on lookupType=positions&carId=33826 — backoff 32s (attempt 3)
[2026-09-25 11:32:11] RemoteDisconnected on lookupType=positions&carId=33826 — backoff 32s (attempt 3)
[2026-09-25 11:32:44] FAILED car 2025|68|6632 (2025 Lexus NX350h): IncompleteRead(1992 bytes read)
[2026-09-25 11:32:44] FAILED car 2025|68|6632 (2025 Lexus NX350h): IncompleteRead(1992 bytes read)
[2026-09-25 11:32:50] IncompleteRead on lookupType=positions&carId=33830 — backoff 2s (attempt 1)
[2026-09-25 11:32:50] IncompleteRead on lookupType=positions&carId=33830 — backoff 2s (attempt 1)
[2026-09-25 11:32:56] IncompleteRead on lookupType=notes&carId=33830&useId=515904 — backoff 2s (attempt 1)
[2026-09-25 11:32:56] IncompleteRead on lookupType=notes&carId=33830&useId=515904 — backoff 2s (attempt 1)
[2026-09-25 11:33:00] IncompleteRead on lookupType=notes&carId=33830&useId=515904 — backoff 8s (attempt 2)
[2026-09-25 11:33:00] IncompleteRead on lookupType=notes&carId=33830&useId=515904 — backoff 8s (attempt 2)
[2026-09-25 11:33:09] IncompleteRead on lookupType=notes&carId=33830&useId=515904 — backoff 32s (attempt 3)
[2026-09-25 11:33:09] IncompleteRead on lookupType=notes&carId=33830&useId=515904 — backoff 32s (attempt 3)
[2026-09-25 11:33:42] FAILED car 2025|68|6633 (2025 Lexus NX450h+): Remote end closed connection without response
[2026-09-25 11:33:42] FAILED car 2025|68|6633 (2025 Lexus NX450h+): Remote end closed connection without response
[2026-09-25 11:33:48] RemoteDisconnected on lookupType=notes&carId=33837&useId=516080 — backoff 2s (attempt 1)
[2026-09-25 11:33:48] RemoteDisconnected on lookupType=notes&carId=33837&useId=516080 — backoff 2s (attempt 1)
[2026-09-25 11:33:55] RemoteDisconnected on lookupType=notes&carId=33837&useId=516081 — backoff 2s (attempt 1)
[2026-09-25 11:33:55] RemoteDisconnected on lookupType=notes&carId=33837&useId=516081 — backoff 2s (attempt 1)
[2026-09-25 11:34:02] RemoteDisconnected on lookupType=notes&carId=33837&useId=516082 — backoff 2s (attempt 1)
[2026-09-25 11:34:02] RemoteDisconnected on lookupType=notes&carId=33837&useId=516082 — backoff 2s (attempt 1)
[2026-09-25 11:34:07] RemoteDisconnected on lookupType=notes&carId=33837&useId=516083 — backoff 2s (attempt 1)
[2026-09-25 11:34:07] RemoteDisconnected on lookupType=notes&carId=33837&useId=516083 — backoff 2s (attempt 1)
[2026-09-25 11:34:15] RemoteDisconnected on lookupType=notes&carId=33837&useId=516086 — backoff 2s (attempt 1)
[2026-09-25 11:34:15] RemoteDisconnected on lookupType=notes&carId=33837&useId=516086 — backoff 2s (attempt 1)
[2026-09-25 11:34:24] RemoteDisconnected on lookupType=notes&carId=33837&useId=516089 — backoff 2s (attempt 1)
[2026-09-25 11:34:24] RemoteDisconnected on lookupType=notes&carId=33837&useId=516089 — backoff 2s (attempt 1)
[2026-09-25 11:34:27] RemoteDisconnected on lookupType=notes&carId=33837&useId=516089 — backoff 8s (attempt 2)
[2026-09-25 11:34:27] RemoteDisconnected on lookupType=notes&carId=33837&useId=516089 — backoff 8s (attempt 2)
[2026-09-25 11:34:45] RemoteDisconnected on lookupType=notes&carId=33837&useId=516093 — backoff 2s (attempt 1)
[2026-09-25 11:34:45] RemoteDisconnected on lookupType=notes&carId=33837&useId=516093 — backoff 2s (attempt 1)
[2026-09-25 11:34:51] IncompleteRead on lookupType=notes&carId=33837&useId=516094 — backoff 2s (attempt 1)
[2026-09-25 11:34:51] IncompleteRead on lookupType=notes&carId=33837&useId=516094 — backoff 2s (attempt 1)
[2026-09-25 11:34:55] RemoteDisconnected on lookupType=notes&carId=33837&useId=516084 — backoff 2s (attempt 1)
[2026-09-25 11:34:55] RemoteDisconnected on lookupType=notes&carId=33837&useId=516084 — backoff 2s (attempt 1)
[2026-09-25 11:35:03] RemoteDisconnected on lookupType=notes&carId=33837&useId=516085 — backoff 2s (attempt 1)
[2026-09-25 11:35:03] RemoteDisconnected on lookupType=notes&carId=33837&useId=516085 — backoff 2s (attempt 1)
[2026-09-25 11:35:16] IncompleteRead on lookupType=notes&carId=33848&useId=516401 — backoff 2s (attempt 1)
[2026-09-25 11:35:16] IncompleteRead on lookupType=notes&carId=33848&useId=516401 — backoff 2s (attempt 1)
[2026-09-25 11:35:31] RemoteDisconnected on lookupType=notes&carId=33848&useId=516410 — backoff 2s (attempt 1)
[2026-09-25 11:35:31] RemoteDisconnected on lookupType=notes&carId=33848&useId=516410 — backoff 2s (attempt 1)
[2026-09-25 11:35:34] IncompleteRead on lookupType=notes&carId=33848&useId=516410 — backoff 8s (attempt 2)
[2026-09-25 11:35:34] IncompleteRead on lookupType=notes&carId=33848&useId=516410 — backoff 8s (attempt 2)
[2026-09-25 11:35:43] RemoteDisconnected on lookupType=notes&carId=33848&useId=516410 — backoff 32s (attempt 3)
[2026-09-25 11:35:43] RemoteDisconnected on lookupType=notes&carId=33848&useId=516410 — backoff 32s (attempt 3)
[2026-09-25 11:36:20] IncompleteRead on lookupType=notes&carId=33848&useId=516411 — backoff 2s (attempt 1)
[2026-09-25 11:36:20] IncompleteRead on lookupType=notes&carId=33848&useId=516411 — backoff 2s (attempt 1)
[2026-09-25 11:36:32] RemoteDisconnected on lookupType=notes&carId=33848&useId=516416 — backoff 2s (attempt 1)
[2026-09-25 11:36:32] RemoteDisconnected on lookupType=notes&carId=33848&useId=516416 — backoff 2s (attempt 1)
[2026-09-25 11:36:35] RemoteDisconnected on lookupType=notes&carId=33848&useId=516416 — backoff 8s (attempt 2)
[2026-09-25 11:36:35] RemoteDisconnected on lookupType=notes&carId=33848&useId=516416 — backoff 8s (attempt 2)
[2026-09-25 11:36:49] RemoteDisconnected on lookupType=notes&carId=33848&useId=516406 — backoff 2s (attempt 1)
[2026-09-25 11:36:49] RemoteDisconnected on lookupType=notes&carId=33848&useId=516406 — backoff 2s (attempt 1)
[2026-09-25 11:36:57] RemoteDisconnected on lookupType=notes&carId=33848&useId=516414 — backoff 2s (attempt 1)
[2026-09-25 11:36:57] RemoteDisconnected on lookupType=notes&carId=33848&useId=516414 — backoff 2s (attempt 1)
[2026-09-25 11:37:02] RemoteDisconnected on lookupType=notes&carId=33848&useId=516414 — backoff 8s (attempt 2)
[2026-09-25 11:37:02] RemoteDisconnected on lookupType=notes&carId=33848&useId=516414 — backoff 8s (attempt 2)
[2026-09-25 11:37:13] IncompleteRead on lookupType=car_id&constructionYear=2025&manufacturerId=68&modelId=2993 — backoff 2s (attempt 1)
[2026-09-25 11:37:13] IncompleteRead on lookupType=car_id&constructionYear=2025&manufacturerId=68&modelId=2993 — backoff 2s (attempt 1)
[2026-09-25 11:37:19] IncompleteRead on lookupType=positions&carId=33856 — backoff 2s (attempt 1)
[2026-09-25 11:37:19] IncompleteRead on lookupType=positions&carId=33856 — backoff 2s (attempt 1)
[2026-09-25 11:37:26] RemoteDisconnected on lookupType=notes&carId=33856&useId=516777 — backoff 2s (attempt 1)
[2026-09-25 11:37:26] RemoteDisconnected on lookupType=notes&carId=33856&useId=516777 — backoff 2s (attempt 1)
[2026-09-25 11:37:29] RemoteDisconnected on lookupType=notes&carId=33856&useId=516777 — backoff 8s (attempt 2)
[2026-09-25 11:37:29] RemoteDisconnected on lookupType=notes&carId=33856&useId=516777 — backoff 8s (attempt 2)
[2026-09-25 11:37:46] RemoteDisconnected on lookupType=notes&carId=33856&useId=516767 — backoff 2s (attempt 1)
[2026-09-25 11:37:46] RemoteDisconnected on lookupType=notes&carId=33856&useId=516767 — backoff 2s (attempt 1)
[2026-09-25 11:37:52] RemoteDisconnected on lookupType=notes&carId=33856&useId=516768 — backoff 2s (attempt 1)
[2026-09-25 11:37:52] RemoteDisconnected on lookupType=notes&carId=33856&useId=516768 — backoff 2s (attempt 1)
[2026-09-25 11:38:02] RemoteDisconnected on lookupType=notes&carId=33856&useId=516776 — backoff 2s (attempt 1)
[2026-09-25 11:38:02] RemoteDisconnected on lookupType=notes&carId=33856&useId=516776 — backoff 2s (attempt 1)
[2026-09-25 11:38:14] RemoteDisconnected on lookupType=notes&carId=33856&useId=516784 — backoff 2s (attempt 1)
[2026-09-25 11:38:14] RemoteDisconnected on lookupType=notes&carId=33856&useId=516784 — backoff 2s (attempt 1)
[2026-09-25 11:38:20] IncompleteRead on lookupType=notes&carId=33856&useId=516771 — backoff 2s (attempt 1)
[2026-09-25 11:38:20] IncompleteRead on lookupType=notes&carId=33856&useId=516771 — backoff 2s (attempt 1)
[2026-09-25 11:38:38] IncompleteRead on lookupType=positions&carId=33866 — backoff 2s (attempt 1)
[2026-09-25 11:38:38] IncompleteRead on lookupType=positions&carId=33866 — backoff 2s (attempt 1)
[2026-09-25 11:38:41] IncompleteRead on lookupType=positions&carId=33866 — backoff 8s (attempt 2)
[2026-09-25 11:38:41] IncompleteRead on lookupType=positions&carId=33866 — backoff 8s (attempt 2)
[2026-09-25 11:38:53] RemoteDisconnected on lookupType=notes&carId=33866&useId=517084 — backoff 2s (attempt 1)
[2026-09-25 11:38:53] RemoteDisconnected on lookupType=notes&carId=33866&useId=517084 — backoff 2s (attempt 1)
[2026-09-25 11:38:56] RemoteDisconnected on lookupType=notes&carId=33866&useId=517084 — backoff 8s (attempt 2)
[2026-09-25 11:38:56] RemoteDisconnected on lookupType=notes&carId=33866&useId=517084 — backoff 8s (attempt 2)
[2026-09-25 11:39:07] IncompleteRead on lookupType=notes&carId=33866&useId=517085 — backoff 2s (attempt 1)
[2026-09-25 11:39:07] IncompleteRead on lookupType=notes&carId=33866&useId=517085 — backoff 2s (attempt 1)
[2026-09-25 11:39:14] RemoteDisconnected on lookupType=notes&carId=33866&useId=517087 — backoff 2s (attempt 1)
[2026-09-25 11:39:14] RemoteDisconnected on lookupType=notes&carId=33866&useId=517087 — backoff 2s (attempt 1)
[2026-09-25 11:39:29] RemoteDisconnected on lookupType=notes&carId=33866&useId=517097 — backoff 2s (attempt 1)
[2026-09-25 11:39:29] RemoteDisconnected on lookupType=notes&carId=33866&useId=517097 — backoff 2s (attempt 1)
[2026-09-25 11:39:38] IncompleteRead on lookupType=notes&carId=33866&useId=517101 — backoff 2s (attempt 1)
[2026-09-25 11:39:38] IncompleteRead on lookupType=notes&carId=33866&useId=517101 — backoff 2s (attempt 1)
[2026-09-25 11:39:44] RemoteDisconnected on lookupType=notes&carId=33866&useId=517101 — backoff 8s (attempt 2)
[2026-09-25 11:39:44] RemoteDisconnected on lookupType=notes&carId=33866&useId=517101 — backoff 8s (attempt 2)
[2026-09-25 11:40:01] RemoteDisconnected on lookupType=notes&carId=33866&useId=517088 — backoff 2s (attempt 1)
[2026-09-25 11:40:01] RemoteDisconnected on lookupType=notes&carId=33866&useId=517088 — backoff 2s (attempt 1)
[2026-09-25 11:40:04] RemoteDisconnected on lookupType=notes&carId=33866&useId=517090 — backoff 2s (attempt 1)
[2026-09-25 11:40:04] RemoteDisconnected on lookupType=notes&carId=33866&useId=517090 — backoff 2s (attempt 1)
[2026-09-25 11:40:07] RemoteDisconnected on lookupType=notes&carId=33866&useId=517090 — backoff 8s (attempt 2)
[2026-09-25 11:40:07] RemoteDisconnected on lookupType=notes&carId=33866&useId=517090 — backoff 8s (attempt 2)
[2026-09-25 11:40:21] IncompleteRead on lookupType=notes&carId=33866&useId=517094 — backoff 2s (attempt 1)
[2026-09-25 11:40:21] IncompleteRead on lookupType=notes&carId=33866&useId=517094 — backoff 2s (attempt 1)
[2026-09-25 11:40:26] IncompleteRead on lookupType=notes&carId=33866&useId=517099 — backoff 2s (attempt 1)
[2026-09-25 11:40:26] IncompleteRead on lookupType=notes&carId=33866&useId=517099 — backoff 2s (attempt 1)
[2026-09-25 11:40:33] IncompleteRead on lookupType=positions&carId=33872 — backoff 2s (attempt 1)
[2026-09-25 11:40:33] IncompleteRead on lookupType=positions&carId=33872 — backoff 2s (attempt 1)
[2026-09-25 11:40:37] RemoteDisconnected on lookupType=notes&carId=33872&useId=517525 — backoff 2s (attempt 1)
[2026-09-25 11:40:37] RemoteDisconnected on lookupType=notes&carId=33872&useId=517525 — backoff 2s (attempt 1)
[2026-09-25 11:40:42] RemoteDisconnected on lookupType=notes&carId=33872&useId=517526 — backoff 2s (attempt 1)
[2026-09-25 11:40:42] RemoteDisconnected on lookupType=notes&carId=33872&useId=517526 — backoff 2s (attempt 1)
[2026-09-25 11:40:58] RemoteDisconnected on lookupType=notes&carId=33872&useId=517536 — backoff 2s (attempt 1)
[2026-09-25 11:40:58] RemoteDisconnected on lookupType=notes&carId=33872&useId=517536 — backoff 2s (attempt 1)
[2026-09-25 11:41:01] RemoteDisconnected on lookupType=notes&carId=33872&useId=517536 — backoff 8s (attempt 2)
[2026-09-25 11:41:01] RemoteDisconnected on lookupType=notes&carId=33872&useId=517536 — backoff 8s (attempt 2)
[2026-09-25 11:41:11] IncompleteRead on lookupType=notes&carId=33872&useId=517536 — backoff 32s (attempt 3)
[2026-09-25 11:41:11] IncompleteRead on lookupType=notes&carId=33872&useId=517536 — backoff 32s (attempt 3)
[2026-09-25 11:41:44] FAILED car 2025|68|6637 (2025 Lexus TX500h): Remote end closed connection without response
[2026-09-25 11:41:44] FAILED car 2025|68|6637 (2025 Lexus TX500h): Remote end closed connection without response
[2026-09-25 11:41:49] RemoteDisconnected on lookupType=positions&carId=33874 — backoff 2s (attempt 1)
[2026-09-25 11:41:49] RemoteDisconnected on lookupType=positions&carId=33874 — backoff 2s (attempt 1)
[2026-09-25 11:41:55] RemoteDisconnected on lookupType=notes&carId=33874&useId=517554 — backoff 2s (attempt 1)
[2026-09-25 11:41:55] RemoteDisconnected on lookupType=notes&carId=33874&useId=517554 — backoff 2s (attempt 1)
[2026-09-25 11:41:59] RemoteDisconnected on lookupType=notes&carId=33874&useId=517555 — backoff 2s (attempt 1)
[2026-09-25 11:41:59] RemoteDisconnected on lookupType=notes&carId=33874&useId=517555 — backoff 2s (attempt 1)
[2026-09-25 11:42:04] IncompleteRead on lookupType=notes&carId=33874&useId=517556 — backoff 2s (attempt 1)
[2026-09-25 11:42:04] IncompleteRead on lookupType=notes&carId=33874&useId=517556 — backoff 2s (attempt 1)
[2026-09-25 11:42:20] RemoteDisconnected on lookupType=notes&carId=33874&useId=517564 — backoff 2s (attempt 1)
[2026-09-25 11:42:20] RemoteDisconnected on lookupType=notes&carId=33874&useId=517564 — backoff 2s (attempt 1)
[2026-09-25 11:42:26] RemoteDisconnected on lookupType=notes&carId=33874&useId=517566 — backoff 2s (attempt 1)
[2026-09-25 11:42:26] RemoteDisconnected on lookupType=notes&carId=33874&useId=517566 — backoff 2s (attempt 1)
[2026-09-25 11:42:28] IncompleteRead on lookupType=notes&carId=33874&useId=517566 — backoff 8s (attempt 2)
[2026-09-25 11:42:28] IncompleteRead on lookupType=notes&carId=33874&useId=517566 — backoff 8s (attempt 2)
[2026-09-25 11:42:39] IncompleteRead on lookupType=notes&carId=33874&useId=517558 — backoff 2s (attempt 1)
[2026-09-25 11:42:39] IncompleteRead on lookupType=notes&carId=33874&useId=517558 — backoff 2s (attempt 1)
[2026-09-25 11:42:42] IncompleteRead on lookupType=notes&carId=33874&useId=517558 — backoff 8s (attempt 2)
[2026-09-25 11:42:42] IncompleteRead on lookupType=notes&carId=33874&useId=517558 — backoff 8s (attempt 2)
[2026-09-25 11:42:54] IncompleteRead on lookupType=notes&carId=33874&useId=517559 — backoff 2s (attempt 1)
[2026-09-25 11:42:54] IncompleteRead on lookupType=notes&carId=33874&useId=517559 — backoff 2s (attempt 1)
[2026-09-25 11:42:59] IncompleteRead on lookupType=models&constructionYear=2025&manufacturerId=72 — backoff 2s (attempt 1)
[2026-09-25 11:42:59] IncompleteRead on lookupType=models&constructionYear=2025&manufacturerId=72 — backoff 2s (attempt 1)
[2026-09-25 11:43:01] RemoteDisconnected on lookupType=models&constructionYear=2025&manufacturerId=72 — backoff 8s (attempt 2)
[2026-09-25 11:43:01] RemoteDisconnected on lookupType=models&constructionYear=2025&manufacturerId=72 — backoff 8s (attempt 2)
[2026-09-25 11:43:10] RemoteDisconnected on lookupType=models&constructionYear=2025&manufacturerId=72 — backoff 32s (attempt 3)
[2026-09-25 11:43:10] RemoteDisconnected on lookupType=models&constructionYear=2025&manufacturerId=72 — backoff 32s (attempt 3)
[2026-09-25 11:43:43] FAILED models year=2025 make=Mazda: IncompleteRead(114 bytes read, 289 more expected)
[2026-09-25 11:43:43] FAILED models year=2025 make=Mazda: IncompleteRead(114 bytes read, 289 more expected)
[2026-09-25 11:43:45] IncompleteRead on lookupType=car_id&constructionYear=2025&manufacturerId=81&modelId=3407 — backoff 2s (attempt 1)
[2026-09-25 11:43:45] IncompleteRead on lookupType=car_id&constructionYear=2025&manufacturerId=81&modelId=3407 — backoff 2s (attempt 1)
[2026-09-25 11:43:49] IncompleteRead on lookupType=positions&carId=34832 — backoff 2s (attempt 1)
[2026-09-25 11:43:49] IncompleteRead on lookupType=positions&carId=34832 — backoff 2s (attempt 1)
[2026-09-25 11:43:55] IncompleteRead on lookupType=notes&carId=34832&useId=563704 — backoff 2s (attempt 1)
[2026-09-25 11:43:55] IncompleteRead on lookupType=notes&carId=34832&useId=563704 — backoff 2s (attempt 1)
[2026-09-25 11:44:09] RemoteDisconnected on lookupType=notes&carId=34832&useId=563707 — backoff 2s (attempt 1)
[2026-09-25 11:44:09] RemoteDisconnected on lookupType=notes&carId=34832&useId=563707 — backoff 2s (attempt 1)
[2026-09-25 11:44:14] RemoteDisconnected on lookupType=notes&carId=34832&useId=563709 — backoff 2s (attempt 1)
[2026-09-25 11:44:14] RemoteDisconnected on lookupType=notes&carId=34832&useId=563709 — backoff 2s (attempt 1)
[2026-09-25 11:44:17] RemoteDisconnected on lookupType=notes&carId=34832&useId=563709 — backoff 8s (attempt 2)
[2026-09-25 11:44:17] RemoteDisconnected on lookupType=notes&carId=34832&useId=563709 — backoff 8s (attempt 2)
[2026-09-25 11:44:36] RemoteDisconnected on lookupType=notes&carId=34832&useId=563708 — backoff 2s (attempt 1)
[2026-09-25 11:44:36] RemoteDisconnected on lookupType=notes&carId=34832&useId=563708 — backoff 2s (attempt 1)
[2026-09-25 11:44:38] RemoteDisconnected on lookupType=notes&carId=34832&useId=563708 — backoff 8s (attempt 2)
[2026-09-25 11:44:38] RemoteDisconnected on lookupType=notes&carId=34832&useId=563708 — backoff 8s (attempt 2)
[2026-09-25 11:44:50] RemoteDisconnected on lookupType=car_id&constructionYear=2025&manufacturerId=81&modelId=3409 — backoff 2s (attempt 1)
[2026-09-25 11:44:50] RemoteDisconnected on lookupType=car_id&constructionYear=2025&manufacturerId=81&modelId=3409 — backoff 2s (attempt 1)
[2026-09-25 11:44:53] RemoteDisconnected on lookupType=car_id&constructionYear=2025&manufacturerId=81&modelId=3409 — backoff 8s (attempt 2)
[2026-09-25 11:44:53] RemoteDisconnected on lookupType=car_id&constructionYear=2025&manufacturerId=81&modelId=3409 — backoff 8s (attempt 2)
[2026-09-25 11:45:04] RemoteDisconnected on lookupType=car_id&constructionYear=2025&manufacturerId=81&modelId=3409 — backoff 32s (attempt 3)
[2026-09-25 11:45:04] RemoteDisconnected on lookupType=car_id&constructionYear=2025&manufacturerId=81&modelId=3409 — backoff 32s (attempt 3)
[2026-09-25 11:45:39] IncompleteRead on lookupType=positions&carId=34840 — backoff 2s (attempt 1)
[2026-09-25 11:45:39] IncompleteRead on lookupType=positions&carId=34840 — backoff 2s (attempt 1)
[2026-09-25 11:45:42] IncompleteRead on lookupType=positions&carId=34840 — backoff 8s (attempt 2)
[2026-09-25 11:45:42] IncompleteRead on lookupType=positions&carId=34840 — backoff 8s (attempt 2)
[2026-09-25 11:45:51] RemoteDisconnected on lookupType=positions&carId=34840 — backoff 32s (attempt 3)
[2026-09-25 11:45:51] RemoteDisconnected on lookupType=positions&carId=34840 — backoff 32s (attempt 3)
[2026-09-25 11:46:24] FAILED car 2025|81|3409 (2025 Nissan Armada): IncompleteRead(0 bytes read)
[2026-09-25 11:46:24] FAILED car 2025|81|3409 (2025 Nissan Armada): IncompleteRead(0 bytes read)
[2026-09-25 11:46:26] IncompleteRead on lookupType=positions&carId=34848 — backoff 2s (attempt 1)
[2026-09-25 11:46:26] IncompleteRead on lookupType=positions&carId=34848 — backoff 2s (attempt 1)
[2026-09-25 11:46:29] IncompleteRead on lookupType=positions&carId=34848 — backoff 8s (attempt 2)
[2026-09-25 11:46:29] IncompleteRead on lookupType=positions&carId=34848 — backoff 8s (attempt 2)
[2026-09-25 11:46:40] IncompleteRead on lookupType=notes&carId=34848&useId=564552 — backoff 2s (attempt 1)
[2026-09-25 11:46:40] IncompleteRead on lookupType=notes&carId=34848&useId=564552 — backoff 2s (attempt 1)
[2026-09-25 11:46:47] RemoteDisconnected on lookupType=notes&carId=34848&useId=564553 — backoff 2s (attempt 1)
[2026-09-25 11:46:47] RemoteDisconnected on lookupType=notes&carId=34848&useId=564553 — backoff 2s (attempt 1)
[2026-09-25 11:46:52] IncompleteRead on lookupType=notes&carId=34848&useId=564554 — backoff 2s (attempt 1)
[2026-09-25 11:46:52] IncompleteRead on lookupType=notes&carId=34848&useId=564554 — backoff 2s (attempt 1)
[2026-09-25 11:46:58] RemoteDisconnected on lookupType=notes&carId=34848&useId=564559 — backoff 2s (attempt 1)
[2026-09-25 11:46:58] RemoteDisconnected on lookupType=notes&carId=34848&useId=564559 — backoff 2s (attempt 1)
[2026-09-25 11:47:02] RemoteDisconnected on lookupType=notes&carId=34848&useId=564561 — backoff 2s (attempt 1)
[2026-09-25 11:47:02] RemoteDisconnected on lookupType=notes&carId=34848&useId=564561 — backoff 2s (attempt 1)
[2026-09-25 11:47:08] RemoteDisconnected on lookupType=notes&carId=34848&useId=564561 — backoff 8s (attempt 2)
[2026-09-25 11:47:08] RemoteDisconnected on lookupType=notes&carId=34848&useId=564561 — backoff 8s (attempt 2)
